base_url=https://web-production-072b8.up.railway.app
out_dir=/Users/choiseunghyeon/aiffel-project/truth-room/runs/demo_record/intro_20260807T151419Z
mode=intro_only scene_dwell=7000 type_delay=85 after_reply=2800 case_overview=True
intro_scenes=5
  scene[0] dwell_ms=9430
  scene[1] dwell_ms=9610
  scene[2] dwell_ms=8980
  scene[3] dwell_ms=9520
  scene[4] dwell_ms=9295
{
  "created_at": "2026-08-07T15:15:34.678762+00:00",
  "base_url": "https://web-production-072b8.up.railway.app",
  "cut": "intro_only",
  "ok": true,
  "error": null,
  "elapsed_sec": 74.8,
  "scene_dwell_ms": 7000,
  "type_delay_ms": 85,
  "after_reply_ms": 2800,
  "include_case_overview": true,
  "intro_only": true,
  "enter_door": true,
  "videos": [
    "runs/demo_record/intro_20260807T151419Z/video/page@95584693270491b00dcd2ade6e83c7f3.webm"
  ],
  "note": "인트로 전용 또는 풀 페이스 컷B · runs/ gitignore"
}
video: /Users/choiseunghyeon/aiffel-project/truth-room/runs/demo_record/intro_20260807T151419Z/video/page@95584693270491b00dcd2ade6e83c7f3.webm
